Last login: Tue Jun 18 07:29:23 on ttys000
aeguanga (master) Coursera_VersionControlGit $ cd ..
aeguanga Coursera $ ls
Coursera_VersionControlGit
aeguanga Coursera $ mkdir temp_project
aeguanga Coursera $ ls
Coursera_VersionControlGit	temp_project
aeguanga Coursera $ cd temp_project/
aeguanga temp_project $ git init
Initialized empty Git repository in /Users/aeguanga/Education/Coursera/temp_project/.git/
aeguanga (master #) temp_project $ nano fileA.txt
aeguanga (master #) temp_project $ ls
fileA.txt
aeguanga (master #) temp_project $ git add .
aeguanga (master +) temp_project $ git commit -m "Pushing thr first portion of fileA.txt"
[master (root-commit) 7671c5d] Pushing thr first portion of fileA.txt
 1 file changed, 1 insertion(+)
 create mode 100644 fileA.txt
aeguanga (master) temp_project $ git checkout -b "feature2"
Switched to a new branch 'feature2'
aeguanga (feature2) temp_project $ nano fileA.txt 
aeguanga (feature2 *) temp_project $ 
Display all 1623 possibilities? (y or n)
aeguanga (feature2 *) temp_project $ 
aeguanga (feature2 *) temp_project $ git add ./fileA.txt
aeguanga (feature2 +) temp_project $ git commit -m "Changes were made on the feature2 branch"
[feature2 ec71eab] Changes were made on the feature2 branch
 1 file changed, 1 insertion(+)
aeguanga (feature2) temp_project $ git checkout master
Switched to branch 'master'
aeguanga (master) temp_project $ nano fileA.txt 
aeguanga (master) temp_project $ 
aeguanga (master) temp_project $ nano fileA.txt 
aeguanga (master *) temp_project $ git add ./fileA.txt
aeguanga (master +) temp_project $ git commit -m "Changes were made on fileA.txt -- should expect error when merging"
[master 57b1e99] Changes were made on fileA.txt -- should expect error when merging
 1 file changed, 1 insertion(+)
aeguanga (master) temp_project $ git merge feature2 
Auto-merging fileA.txt
CONFLICT (content): Merge conflict in fileA.txt
Automatic merge failed; fix conflicts and then commit the result.
aeguanga (master *+|MERGING) temp_project $ git status
On branch master
You have unmerged paths.
  (fix conflicts and run "git commit")
  (use "git merge --abort" to abort the merge)

Unmerged paths:
  (use "git add <file>..." to mark resolution)

	both modified:   fileA.txt

no changes added to commit (use "git add" and/or "git commit -a")
aeguanga (master *+|MERGING) temp_project $ git merge --abort
aeguanga (master) temp_project $ git status
On branch master
nothing to commit, working tree clean
aeguanga (master) temp_project $ ls
fileA.txt
aeguanga (master) temp_project $ git merge --abort
fatal: There is no merge to abort (MERGE_HEAD missing).
aeguanga (master) temp_project $ git merge feature2 
Auto-merging fileA.txt
CONFLICT (content): Merge conflict in fileA.txt
Automatic merge failed; fix conflicts and then commit the result.
aeguanga (master *+|MERGING) temp_project $ nano fileA.txt 
aeguanga (master *+|MERGING) temp_project $ get checkout feature2
-bash: get: command not found
aeguanga (master *+|MERGING) temp_project $ git checkout feature2
fileA.txt: needs merge
error: you need to resolve your current index first
aeguanga (master *+|MERGING) temp_project $ nano fileA.txt 
aeguanga (master *+|MERGING) temp_project $ y
-bash: y: command not found
aeguanga (master *+|MERGING) temp_project $ git add ./fileA.txt
aeguanga (master +|MERGING) temp_project $ git commit -m "fileA.txt was fixed"
[master 2752c8e] fileA.txt was fixed
aeguanga (master) temp_project $ git commit -m "fileA.txt was made"
On branch master
nothing to commit, working tree clean
aeguanga (master) temp_project $ cd ..
aeguanga Coursera $ ls
Coursera_VersionControlGit	temp_project
aeguanga Coursera $ cd Coursera_VersionControlGit/
aeguanga (master) Coursera_VersionControlGit $ ls
00_DevOpsGitNutshell.ipynb	02_BranchesAndMergining.ipynb	README.md			images
01_OurFirstRepository.ipynb	03_BranchesAndMerginingII.ipynb	assignments			labs
aeguanga (master) Coursera_VersionControlGit $ cd assignments/
aeguanga (master) assignments $ ls
assignment_lab08.txt
aeguanga (master) assignments $ 
